
> altf-kr-web-skeleton@0.0.0 build
> tsc -b && vite build

[36mvite v7.3.1 [32mbuilding client environment for production...[36m[39m
transforming...
node.exe : 
위치 줄:1 문자:1
+ & "C:\Program Files\n
odejs/node.exe" "C:\Pro
gram Files\nodejs/node_
mo ...
+ ~~~~~~~~~~~~~~~~~~~~~
~~~~~~~~~~~~~~~~~~~~~~~
~~~~~~~~~~~~~~~~~~~~~~~
~~
    + CategoryInfo     
         : NotSpecifi  
  ed: (:String) [],    
 RemoteException
    + FullyQualifiedEr 
   rorId : NativeComm  
  andError
 
/images/search-bg-pipe.
jpg referenced in /imag
es/search-bg-pipe.jpg d
idn't resolve at build 
time, it will remain un
changed to be resolved 
at runtime
[32m??[39m 2188 modules transformed.
[31m??[39m Build faile
d in 9.39s
[31merror during build
:
[31mCould not resolve 
entry module "date-fns"
.[31m
    at getRollupError (
file:///F:/altf-kr-web-
skeleton/node_modules/r
ollup/dist/es/shared/pa
rseAst.js:402:41)
    at error (file:///F
:/altf-kr-web-skeleton/
node_modules/rollup/dis
t/es/shared/parseAst.js
:398:42)
    at ModuleLoader.loa
dEntryModule (file:///F
:/altf-kr-web-skeleton/
node_modules/rollup/dis
t/es/shared/node-entry.
js:21708:20)
    at async Promise.al
l (index 1)
    at async Promise.al
l (index 0)[39m
